ba@ba:~/Desktop/git_branch$ mkdir branch_demo
ba@ba:~/Desktop/git_branch$ cd brach_demo
bash: cd: brach_demo: No such file or directory
ba@ba:~/Desktop/git_branch$ cd brach_demo
bash: cd: brach_demo: No such file or directory
ba@ba:~/Desktop/git_branch$ cd branch_demo
ba@ba:~/Desktop/git_branch/branch_demo$ git init
Initialized empty Git repository in /home/ba/Desktop/git_branch/branch_demo/.git/
ba@ba:~/Desktop/git_branch/branch_demo$ git add ex1
ba@ba:~/Desktop/git_branch/branch_demo$ git status
On branch master

Initial commit

Changes to be committed:
  (use "git rm --cached <file>..." to unstage)

	new file:   ex1

ba@ba:~/Desktop/git_branch/branch_demo$ git commit -m "first commit"
[master (root-commit) 09a2bef] first commit
 1 file changed, 1 insertion(+)
 create mode 100644 ex1
ba@ba:~/Desktop/git_branch/branch_demo$ git branch issue1
ba@ba:~/Desktop/git_branch/branch_demo$ git status
On branch master
nothing to commit, working directory clean
ba@ba:~/Desktop/git_branch/branch_demo$ git branch
  issue1
* master
ba@ba:~/Desktop/git_branch/branch_demo$ git branch master
fatal: A branch named 'master' already exists.
ba@ba:~/Desktop/git_branch/branch_demo$ git checkout 'issue1'
Switched to branch 'issue1'
ba@ba:~/Desktop/git_branch/branch_demo$ git branch
* issue1
  master
ba@ba:~/Desktop/git_branch/branch_demo$ git checkout  master
Switched to branch 'master'
ba@ba:~/Desktop/git_branch/branch_demo$ git branch
  issue1
* master
ba@ba:~/Desktop/git_branch/branch_demo$ git checkout issue1
Switched to branch 'issue1'
ba@ba:~/Desktop/git_branch/branch_demo$ git branch
* issue1
  master
ba@ba:~/Desktop/git_branch/branch_demo$ git checkout master
Switched to branch 'master'
ba@ba:~/Desktop/git_branch/branch_demo$ git checkout issue1
Switched to branch 'issue1'
ba@ba:~/Desktop/git_branch/branch_demo$ git branch
* issue1
  master
ba@ba:~/Desktop/git_branch/branch_demo$ git add exp2
fatal: pathspec 'exp2' did not match any files
ba@ba:~/Desktop/git_branch/branch_demo$ git add ex2
ba@ba:~/Desktop/git_branch/branch_demo$ git commit -m "register change index"
[issue1 92750f8] register change index
 1 file changed, 0 insertions(+), 0 deletions(-)
 create mode 100644 ex2
ba@ba:~/Desktop/git_branch/branch_demo$ git status
On branch issue1
Changes not staged for commit:
  (use "git add <file>..." to update what will be committed)
  (use "git checkout -- <file>..." to discard changes in working directory)

	modified:   ex1

no changes added to commit (use "git add" and/or "git commit -a")
ba@ba:~/Desktop/git_branch/branch_demo$ git branch
* issue1
  master
ba@ba:~/Desktop/git_branch/branch_demo$  

